// Vitest Snapshot v1, https://vitest.dev/guide/snapshot.html

exports[`dashboard markdown renderer corpus > captures representative specialist result snapshots 1`] = `
[
  {
    "name": "executor.txt",
    "rootTypes": [
      "h1",
      "p",
      "ul",
      "pre",
      "p",
    ],
    "text": "Executor Result
Implemented the requested dashboard change.
Added the shared activity pane.Preserved sp feed traceability.
{"status":"complete","bead":"forge-70el.6"}
See https://example.com/executor-log",
  },
  {
    "name": "reviewer.txt",
    "rootTypes": [
      "h2",
      "table",
      "blockquote",
      "p",
    ],
    "text": "Reviewer Verdict
GateStatusEvidenceFeedpassterminal history visibleResultpassmarkdown rendered
No blocking findings.
Contact review.",
  },
  {
    "name": "code-sanity.txt",
    "rootTypes": [
      "h3",
      "ol",
      "p",
      "ul",
      "pre",
    ],
    "text": "Code Sanity
bun test passed.bun run build:dashboard passed.
Findings:
No raw HTML emitted.No unsafe protocol links.
expect(result).toBe("stable");",
  },
]
`;
